[foo,-1,0] => {"Name":"foo","SellIn":-2,"Quality":0}
[foo,-1,1] => {"Name":"foo","SellIn":-2,"Quality":0}
[foo,-1,49] => {"Name":"foo","SellIn":-2,"Quality":47}
[foo,-1,50] => {"Name":"foo","SellIn":-2,"Quality":48}
[foo,0,0] => {"Name":"foo","SellIn":-1,"Quality":0}
[foo,0,1] => {"Name":"foo","SellIn":-1,"Quality":0}
[foo,0,49] => {"Name":"foo","SellIn":-1,"Quality":47}
[foo,0,50] => {"Name":"foo","SellIn":-1,"Quality":48}
[foo,2,0] => {"Name":"foo","SellIn":1,"Quality":0}
[foo,2,1] => {"Name":"foo","SellIn":1,"Quality":0}
[foo,2,49] => {"Name":"foo","SellIn":1,"Quality":48}
[foo,2,50] => {"Name":"foo","SellIn":1,"Quality":49}
[foo,6,0] => {"Name":"foo","SellIn":5,"Quality":0}
[foo,6,1] => {"Name":"foo","SellIn":5,"Quality":0}
[foo,6,49] => {"Name":"foo","SellIn":5,"Quality":48}
[foo,6,50] => {"Name":"foo","SellIn":5,"Quality":49}
[foo,11,0] => {"Name":"foo","SellIn":10,"Quality":0}
[foo,11,1] => {"Name":"foo","SellIn":10,"Quality":0}
[foo,11,49] => {"Name":"foo","SellIn":10,"Quality":48}
[foo,11,50] => {"Name":"foo","SellIn":10,"Quality":49}
[Aged Brie,-1,0] => {"Name":"Aged Brie","SellIn":-2,"Quality":2}
[Aged Brie,-1,1] => {"Name":"Aged Brie","SellIn":-2,"Quality":3}
[Aged Brie,-1,49] => {"Name":"Aged Brie","SellIn":-2,"Quality":50}
[Aged Brie,-1,50] => {"Name":"Aged Brie","SellIn":-2,"Quality":50}
[Aged Brie,0,0] => {"Name":"Aged Brie","SellIn":-1,"Quality":2}
[Aged Brie,0,1] => {"Name":"Aged Brie","SellIn":-1,"Quality":3}
[Aged Brie,0,49] => {"Name":"Aged Brie","SellIn":-1,"Quality":50}
[Aged Brie,0,50] => {"Name":"Aged Brie","SellIn":-1,"Quality":50}
[Aged Brie,2,0] => {"Name":"Aged Brie","SellIn":1,"Quality":1}
[Aged Brie,2,1] => {"Name":"Aged Brie","SellIn":1,"Quality":2}
[Aged Brie,2,49] => {"Name":"Aged Brie","SellIn":1,"Quality":50}
[Aged Brie,2,50] => {"Name":"Aged Brie","SellIn":1,"Quality":50}
[Aged Brie,6,0] => {"Name":"Aged Brie","SellIn":5,"Quality":1}
[Aged Brie,6,1] => {"Name":"Aged Brie","SellIn":5,"Quality":2}
[Aged Brie,6,49] => {"Name":"Aged Brie","SellIn":5,"Quality":50}
[Aged Brie,6,50] => {"Name":"Aged Brie","SellIn":5,"Quality":50}
[Aged Brie,11,0] => {"Name":"Aged Brie","SellIn":10,"Quality":1}
[Aged Brie,11,1] => {"Name":"Aged Brie","SellIn":10,"Quality":2}
[Aged Brie,11,49] => {"Name":"Aged Brie","SellIn":10,"Quality":50}
[Aged Brie,11,50] => {"Name":"Aged Brie","SellIn":10,"Quality":50}
[Backstage passes to a TAFKAL80ETC concert,-1,0] => {"Name":"Backstage passes to a TAFKAL80ETC concert","SellIn":-2,"Quality":0}
[Backstage passes to a TAFKAL80ETC concert,-1,1] => {"Name":"Backstage passes to a TAFKAL80ETC concert","SellIn":-2,"Quality":0}
[Backstage passes to a TAFKAL80ETC concert,-1,49] => {"Name":"Backstage passes to a TAFKAL80ETC concert","SellIn":-2,"Quality":0}
[Backstage passes to a TAFKAL80ETC concert,-1,50] => {"Name":"Backstage passes to a TAFKAL80ETC concert","SellIn":-2,"Quality":0}
[Backstage passes to a TAFKAL80ETC concert,0,0] => {"Name":"Backstage passes to a TAFKAL80ETC concert","SellIn":-1,"Quality":0}
[Backstage passes to a TAFKAL80ETC concert,0,1] => {"Name":"Backstage passes to a TAFKAL80ETC concert","SellIn":-1,"Quality":0}
[Backstage passes to a TAFKAL80ETC concert,0,49] => {"Name":"Backstage passes to a TAFKAL80ETC concert","SellIn":-1,"Quality":0}
[Backstage passes to a TAFKAL80ETC concert,0,50] => {"Name":"Backstage passes to a TAFKAL80ETC concert","SellIn":-1,"Quality":0}
[Backstage passes to a TAFKAL80ETC concert,2,0] => {"Name":"Backstage passes to a TAFKAL80ETC concert","SellIn":1,"Quality":3}
[Backstage passes to a TAFKAL80ETC concert,2,1] => {"Name":"Backstage passes to a TAFKAL80ETC concert","SellIn":1,"Quality":4}
[Backstage passes to a TAFKAL80ETC concert,2,49] => {"Name":"Backstage passes to a TAFKAL80ETC concert","SellIn":1,"Quality":50}
[Backstage passes to a TAFKAL80ETC concert,2,50] => {"Name":"Backstage passes to a TAFKAL80ETC concert","SellIn":1,"Quality":50}
[Backstage passes to a TAFKAL80ETC concert,6,0] => {"Name":"Backstage passes to a TAFKAL80ETC concert","SellIn":5,"Quality":2}
[Backstage passes to a TAFKAL80ETC concert,6,1] => {"Name":"Backstage passes to a TAFKAL80ETC concert","SellIn":5,"Quality":3}
[Backstage passes to a TAFKAL80ETC concert,6,49] => {"Name":"Backstage passes to a TAFKAL80ETC concert","SellIn":5,"Quality":50}
[Backstage passes to a TAFKAL80ETC concert,6,50] => {"Name":"Backstage passes to a TAFKAL80ETC concert","SellIn":5,"Quality":50}
[Backstage passes to a TAFKAL80ETC concert,11,0] => {"Name":"Backstage passes to a TAFKAL80ETC concert","SellIn":10,"Quality":1}
[Backstage passes to a TAFKAL80ETC concert,11,1] => {"Name":"Backstage passes to a TAFKAL80ETC concert","SellIn":10,"Quality":2}
[Backstage passes to a TAFKAL80ETC concert,11,49] => {"Name":"Backstage passes to a TAFKAL80ETC concert","SellIn":10,"Quality":50}
[Backstage passes to a TAFKAL80ETC concert,11,50] => {"Name":"Backstage passes to a TAFKAL80ETC concert","SellIn":10,"Quality":50}
[Sulfuras, Hand of Ragnaros,-1,0] => {"Name":"Sulfuras, Hand of Ragnaros","SellIn":-1,"Quality":0}
[Sulfuras, Hand of Ragnaros,-1,1] => {"Name":"Sulfuras, Hand of Ragnaros","SellIn":-1,"Quality":1}
[Sulfuras, Hand of Ragnaros,-1,49] => {"Name":"Sulfuras, Hand of Ragnaros","SellIn":-1,"Quality":49}
[Sulfuras, Hand of Ragnaros,-1,50] => {"Name":"Sulfuras, Hand of Ragnaros","SellIn":-1,"Quality":50}
[Sulfuras, Hand of Ragnaros,0,0] => {"Name":"Sulfuras, Hand of Ragnaros","SellIn":0,"Quality":0}
[Sulfuras, Hand of Ragnaros,0,1] => {"Name":"Sulfuras, Hand of Ragnaros","SellIn":0,"Quality":1}
[Sulfuras, Hand of Ragnaros,0,49] => {"Name":"Sulfuras, Hand of Ragnaros","SellIn":0,"Quality":49}
[Sulfuras, Hand of Ragnaros,0,50] => {"Name":"Sulfuras, Hand of Ragnaros","SellIn":0,"Quality":50}
[Sulfuras, Hand of Ragnaros,2,0] => {"Name":"Sulfuras, Hand of Ragnaros","SellIn":2,"Quality":0}
[Sulfuras, Hand of Ragnaros,2,1] => {"Name":"Sulfuras, Hand of Ragnaros","SellIn":2,"Quality":1}
[Sulfuras, Hand of Ragnaros,2,49] => {"Name":"Sulfuras, Hand of Ragnaros","SellIn":2,"Quality":49}
[Sulfuras, Hand of Ragnaros,2,50] => {"Name":"Sulfuras, Hand of Ragnaros","SellIn":2,"Quality":50}
[Sulfuras, Hand of Ragnaros,6,0] => {"Name":"Sulfuras, Hand of Ragnaros","SellIn":6,"Quality":0}
[Sulfuras, Hand of Ragnaros,6,1] => {"Name":"Sulfuras, Hand of Ragnaros","SellIn":6,"Quality":1}
[Sulfuras, Hand of Ragnaros,6,49] => {"Name":"Sulfuras, Hand of Ragnaros","SellIn":6,"Quality":49}
[Sulfuras, Hand of Ragnaros,6,50] => {"Name":"Sulfuras, Hand of Ragnaros","SellIn":6,"Quality":50}
[Sulfuras, Hand of Ragnaros,11,0] => {"Name":"Sulfuras, Hand of Ragnaros","SellIn":11,"Quality":0}
[Sulfuras, Hand of Ragnaros,11,1] => {"Name":"Sulfuras, Hand of Ragnaros","SellIn":11,"Quality":1}
[Sulfuras, Hand of Ragnaros,11,49] => {"Name":"Sulfuras, Hand of Ragnaros","SellIn":11,"Quality":49}
[Sulfuras, Hand of Ragnaros,11,50] => {"Name":"Sulfuras, Hand of Ragnaros","SellIn":11,"Quality":50}
